  CMonitorClient.cpp
  CMessage.cpp
C:\Users\sdj53\Documents\GitHub\LockFree-NetworkLibrary\common_files\include\memorypool\LockFreeMemoryPoolLive.h(74,9): warning C4101: 'tempTop' :참조되지 않은 지역 변수입니다.
  (소스 파일 '../../common_files/src/buffer/CMessage.cpp'을(를) 컴파일하는 중)
      C:\Users\sdj53\Documents\GitHub\LockFree-NetworkLibrary\common_files\include\memorypool\LockFreeMemoryPoolLive.h(74,9):
      템플릿 인스턴스화 컨텍스트(가장 오래된 인스턴스화 컨텍스트)가
          C:\Users\sdj53\Documents\GitHub\LockFree-NetworkLibrary\common_files\src\buffer\CMessage.cpp(57,9):
          컴파일되는 클래스 템플릿 인스턴스화 'CMPoolTLS<CMessage>'에 대한 참조를 확인하세요.
          C:\Users\sdj53\Documents\GitHub\LockFree-NetworkLibrary\common_files\include\memorypool\MemoryPoolTLS.h(88,3):
          클래스 템플릿 멤버 함수 'CMPoolTLS<CMessage>::~CMPoolTLS(void)'을(를) 컴파일하는 중입니다.
              C:\Users\sdj53\Documents\GitHub\LockFree-NetworkLibrary\common_files\include\memorypool\MemoryPoolTLS.h(413,1):
              'CMPoolTLS<CMessage>::~CMPoolTLS'에서 'CMPoolTLS<CMessage>::~CMPoolTLS'에 대한 첫 번째 참조를 확인하세요.
          C:\Users\sdj53\Documents\GitHub\LockFree-NetworkLibrary\common_files\include\memorypool\MemoryPoolTLS.h(132,4):
          컴파일되는 클래스 템플릿 인스턴스화 'CMemoryPool<CMPoolTLS<CMessage>::Bucket>'에 대한 참조를 확인하세요.
          C:\Users\sdj53\Documents\GitHub\LockFree-NetworkLibrary\common_files\include\memorypool\LockFreeMemoryPoolLive.h(70,3):
          클래스 템플릿 멤버 함수 'CMemoryPool<CMPoolTLS<CMessage>::Bucket>::~CMemoryPool(void)'을(를) 컴파일하는 중입니다.
              C:\Users\sdj53\Documents\GitHub\LockFree-NetworkLibrary\common_files\include\memorypool\LockFreeMemoryPoolLive.h(310,1):
              'CMemoryPool<CMPoolTLS<CMessage>::Bucket>::~CMemoryPool'에서 'CMemoryPool<CMPoolTLS<CMessage>::Bucket>::~CMemoryPool'에 대한 첫 번째 참조를 확인하세요.
  
  Ring_Buffer.cpp
  CPUUsage.cpp
  LogClass.cpp
  ProcessMonitor.cpp
  TextParser.cpp
  CLanClient.cpp
C:\Users\sdj53\Documents\GitHub\LockFree-NetworkLibrary\common_files\include\memorypool\LockFreeMemoryPoolLive.h(74,9): warning C4101: 'tempTop' :참조되지 않은 지역 변수입니다.
  (소스 파일 '../../network_library/src/CLanClient.cpp'을(를) 컴파일하는 중)
      C:\Users\sdj53\Documents\GitHub\LockFree-NetworkLibrary\common_files\include\memorypool\LockFreeMemoryPoolLive.h(74,9):
      템플릿 인스턴스화 컨텍스트(가장 오래된 인스턴스화 컨텍스트)가
          C:\Users\sdj53\Documents\GitHub\LockFree-NetworkLibrary\network_library\include\CLanClient.h(15,26):
          컴파일되는 클래스 템플릿 인스턴스화 'LFQueueMul<CMessage *>'에 대한 참조를 확인하세요.
          C:\Users\sdj53\Documents\GitHub\LockFree-NetworkLibrary\common_files\include\lockfree\LFQMultiLive.h(169,7):
          클래스 템플릿 멤버 함수 'bool LFQueueMul<CMessage *>::Dequeue(T &)'을(를) 컴파일하는 중입니다.
          with
          [
              T=CMessage *
          ]
              C:\Users\sdj53\Documents\GitHub\LockFree-NetworkLibrary\network_library\src\CLanClient.cpp(406,3):
              'CLanClient::SendPost'에서 'LFQueueMul<CMessage *>::Dequeue'에 대한 첫 번째 참조를 확인하세요.
          C:\Users\sdj53\Documents\GitHub\LockFree-NetworkLibrary\common_files\include\lockfree\LFQMultiLive.h(232,8):
          컴파일되는 클래스 템플릿 인스턴스화 'CMemoryPool<LFQueueMul<CMessage *>::Node>'에 대한 참조를 확인하세요.
          C:\Users\sdj53\Documents\GitHub\LockFree-NetworkLibrary\common_files\include\memorypool\LockFreeMemoryPoolLive.h(70,3):
          클래스 템플릿 멤버 함수 'CMemoryPool<LFQueueMul<CMessage *>::Node>::~CMemoryPool(void)'을(를) 컴파일하는 중입니다.
              C:\Users\sdj53\Documents\GitHub\LockFree-NetworkLibrary\common_files\include\memorypool\LockFreeMemoryPoolLive.h(310,1):
              'CMemoryPool<LFQueueMul<CMessage *>::Node>::~CMemoryPool'에서 'CMemoryPool<LFQueueMul<CMessage *>::Node>::~CMemoryPool'에 대한 첫 번째 참조를 확인하세요.
  
  CLanServer.cpp
C:\Users\sdj53\Documents\GitHub\LockFree-NetworkLibrary\common_files\include\memorypool\LockFreeMemoryPoolLive.h(74,9): warning C4101: 'tempTop' :참조되지 않은 지역 변수입니다.
  (소스 파일 '../../network_library/src/CLanServer.cpp'을(를) 컴파일하는 중)
      C:\Users\sdj53\Documents\GitHub\LockFree-NetworkLibrary\common_files\include\memorypool\LockFreeMemoryPoolLive.h(74,9):
      템플릿 인스턴스화 컨텍스트(가장 오래된 인스턴스화 컨텍스트)가
          C:\Users\sdj53\Documents\GitHub\LockFree-NetworkLibrary\network_library\src\CLanServer.cpp(181,2):
          컴파일되는 클래스 템플릿 인스턴스화 'LFStack<UINT16>'에 대한 참조를 확인하세요.
          C:\Users\sdj53\Documents\GitHub\LockFree-NetworkLibrary\common_files\include\lockfree\LFStack.h(83,7):
          클래스 템플릿 멤버 함수 'bool LFStack<UINT16>::Pop(T &)'을(를) 컴파일하는 중입니다.
          with
          [
              T=UINT16
          ]
              C:\Users\sdj53\Documents\GitHub\LockFree-NetworkLibrary\network_library\src\CLanServer.cpp(308,26):
              'CLanServer::AcceptThread'에서 'LFStack<UINT16>::Pop'에 대한 첫 번째 참조를 확인하세요.
          C:\Users\sdj53\Documents\GitHub\LockFree-NetworkLibrary\common_files\include\lockfree\LFStack.h(114,9):
          컴파일되는 클래스 템플릿 인스턴스화 'CMemoryPool<LFStack<UINT16>::Node>'에 대한 참조를 확인하세요.
          C:\Users\sdj53\Documents\GitHub\LockFree-NetworkLibrary\common_files\include\memorypool\LockFreeMemoryPoolLive.h(70,3):
          클래스 템플릿 멤버 함수 'CMemoryPool<LFStack<UINT16>::Node>::~CMemoryPool(void)'을(를) 컴파일하는 중입니다.
              C:\Users\sdj53\Documents\GitHub\LockFree-NetworkLibrary\common_files\include\memorypool\LockFreeMemoryPoolLive.h(310,1):
              'CMemoryPool<LFStack<UINT16>::Node>::~CMemoryPool'에서 'CMemoryPool<LFStack<UINT16>::Node>::~CMemoryPool'에 대한 첫 번째 참조를 확인하세요.
  
  CNetServer.cpp
C:\Users\sdj53\Documents\GitHub\LockFree-NetworkLibrary\common_files\include\memorypool\LockFreeMemoryPoolLive.h(74,9): warning C4101: 'tempTop' :참조되지 않은 지역 변수입니다.
  (소스 파일 '../../network_library/src/CNetServer.cpp'을(를) 컴파일하는 중)
      C:\Users\sdj53\Documents\GitHub\LockFree-NetworkLibrary\common_files\include\memorypool\LockFreeMemoryPoolLive.h(74,9):
      템플릿 인스턴스화 컨텍스트(가장 오래된 인스턴스화 컨텍스트)가
          C:\Users\sdj53\Documents\GitHub\LockFree-NetworkLibrary\network_library\src\CNetServer.cpp(229,2):
          컴파일되는 클래스 템플릿 인스턴스화 'LFStack<UINT16>'에 대한 참조를 확인하세요.
          C:\Users\sdj53\Documents\GitHub\LockFree-NetworkLibrary\common_files\include\lockfree\LFStack.h(83,7):
          클래스 템플릿 멤버 함수 'bool LFStack<UINT16>::Pop(T &)'을(를) 컴파일하는 중입니다.
          with
          [
              T=UINT16
          ]
              C:\Users\sdj53\Documents\GitHub\LockFree-NetworkLibrary\network_library\src\CNetServer.cpp(379,26):
              'CNetServer::AcceptThread'에서 'LFStack<UINT16>::Pop'에 대한 첫 번째 참조를 확인하세요.
          C:\Users\sdj53\Documents\GitHub\LockFree-NetworkLibrary\common_files\include\lockfree\LFStack.h(114,9):
          컴파일되는 클래스 템플릿 인스턴스화 'CMemoryPool<LFStack<UINT16>::Node>'에 대한 참조를 확인하세요.
          C:\Users\sdj53\Documents\GitHub\LockFree-NetworkLibrary\common_files\include\memorypool\LockFreeMemoryPoolLive.h(70,3):
          클래스 템플릿 멤버 함수 'CMemoryPool<LFStack<UINT16>::Node>::~CMemoryPool(void)'을(를) 컴파일하는 중입니다.
              C:\Users\sdj53\Documents\GitHub\LockFree-NetworkLibrary\common_files\include\memorypool\LockFreeMemoryPoolLive.h(310,1):
              'CMemoryPool<LFStack<UINT16>::Node>::~CMemoryPool'에서 'CMemoryPool<LFStack<UINT16>::Node>::~CMemoryPool'에 대한 첫 번째 참조를 확인하세요.
  
  CSession.cpp
C:\Users\sdj53\Documents\GitHub\LockFree-NetworkLibrary\common_files\include\memorypool\LockFreeMemoryPoolLive.h(74,9): warning C4101: 'tempTop' :참조되지 않은 지역 변수입니다.
  (소스 파일 '../../network_library/src/CSession.cpp'을(를) 컴파일하는 중)
      C:\Users\sdj53\Documents\GitHub\LockFree-NetworkLibrary\common_files\include\memorypool\LockFreeMemoryPoolLive.h(74,9):
      템플릿 인스턴스화 컨텍스트(가장 오래된 인스턴스화 컨텍스트)가
          C:\Users\sdj53\Documents\GitHub\LockFree-NetworkLibrary\network_library\include\CSession.h(20,25):
          컴파일되는 클래스 템플릿 인스턴스화 'LFQueueMul<CMessage *>'에 대한 참조를 확인하세요.
          C:\Users\sdj53\Documents\GitHub\LockFree-NetworkLibrary\common_files\include\lockfree\LFQMultiLive.h(83,3):
          클래스 템플릿 멤버 함수 'LFQueueMul<CMessage *>::~LFQueueMul(void)'을(를) 컴파일하는 중입니다.
              C:\Users\sdj53\Documents\GitHub\LockFree-NetworkLibrary\network_library\src\CSession.cpp(10,1):
              'CSession::CSession'에서 'LFQueueMul<CMessage *>::~LFQueueMul'에 대한 첫 번째 참조를 확인하세요.
          C:\Users\sdj53\Documents\GitHub\LockFree-NetworkLibrary\common_files\include\lockfree\LFQMultiLive.h(87,4):
          컴파일되는 클래스 템플릿 인스턴스화 'CMemoryPool<LFQueueMul<CMessage *>::Node>'에 대한 참조를 확인하세요.
          C:\Users\sdj53\Documents\GitHub\LockFree-NetworkLibrary\common_files\include\memorypool\LockFreeMemoryPoolLive.h(70,3):
          클래스 템플릿 멤버 함수 'CMemoryPool<LFQueueMul<CMessage *>::Node>::~CMemoryPool(void)'을(를) 컴파일하는 중입니다.
              C:\Users\sdj53\Documents\GitHub\LockFree-NetworkLibrary\common_files\include\memorypool\LockFreeMemoryPoolLive.h(310,1):
              'CMemoryPool<LFQueueMul<CMessage *>::Node>::~CMemoryPool'에서 'CMemoryPool<LFQueueMul<CMessage *>::Node>::~CMemoryPool'에 대한 첫 번째 참조를 확인하세요.
  
  ChatServer.cpp
C:\Users\sdj53\Documents\GitHub\LockFree-NetworkLibrary\servers\chatserver_multi_ver\ChatServer.cpp(957,11): warning C4476: 'wprintf' : 서식 지정자에 알 수 없는 형식 필드 문자 ']'이(가) 있습니다.
C:\Users\sdj53\Documents\GitHub\LockFree-NetworkLibrary\common_files\include\memorypool\LockFreeMemoryPoolLive.h(74,9): warning C4101: 'tempTop' :참조되지 않은 지역 변수입니다.
  (소스 파일 'ChatServer.cpp'을(를) 컴파일하는 중)
      C:\Users\sdj53\Documents\GitHub\LockFree-NetworkLibrary\common_files\include\memorypool\LockFreeMemoryPoolLive.h(74,9):
      템플릿 인스턴스화 컨텍스트(가장 오래된 인스턴스화 컨텍스트)가
          C:\Users\sdj53\Documents\GitHub\LockFree-NetworkLibrary\servers\chatserver_multi_ver\ChatServer.cpp(135,2):
          컴파일되는 클래스 템플릿 인스턴스화 'CMemoryPool<CUser>'에 대한 참조를 확인하세요.
          C:\Users\sdj53\Documents\GitHub\LockFree-NetworkLibrary\common_files\include\memorypool\LockFreeMemoryPoolLive.h(70,3):
          클래스 템플릿 멤버 함수 'CMemoryPool<CUser>::~CMemoryPool(void)'을(를) 컴파일하는 중입니다.
              C:\Users\sdj53\Documents\GitHub\LockFree-NetworkLibrary\common_files\include\memorypool\LockFreeMemoryPoolLive.h(310,1):
              'CMemoryPool<CUser>::~CMemoryPool'에서 'CMemoryPool<CUser>::~CMemoryPool'에 대한 첫 번째 참조를 확인하세요.
  
  CUser.cpp
  main.cpp
  코드를 생성하고 있습니다.
  Previous IPDB not found, fall back to full compilation.
  All 1069 functions were compiled because no usable IPDB/IOBJ from previous compilation was found.
  코드를 생성했습니다.
  ChatMulServerLive.vcxproj -> C:\Users\sdj53\Documents\GitHub\LockFree-NetworkLibrary\servers\chatserver_multi_ver\x64\Release\ChatMulServerLive.exe
