  코드를 생성하고 있습니다.
  0 of 9427 functions ( 0.0%) were compiled, the rest were copied from previous compilation.
    0 functions were new in current compilation
    0 functions had inline decision re-evaluated but remain unchanged
  코드를 생성했습니다.
cpp_redis.lib(client.obj) : warning LNK4099: 'cpp_redis.pdb' PDB를 'cpp_redis.lib(client.obj)' 또는 'C:\Users\sdj53\Documents\GitHub\LockFree-NetworkLibrary\servers\loginserver\LoginServerLive\x64\Release\cpp_redis.pdb'에서 찾을 수 없습니다. 디버그 정보가 없는 것처럼 개체를 링크합니다.
cpp_redis.lib(redis_connection.obj) : warning LNK4099: 'cpp_redis.pdb' PDB를 'cpp_redis.lib(redis_connection.obj)' 또는 'C:\Users\sdj53\Documents\GitHub\LockFree-NetworkLibrary\servers\loginserver\LoginServerLive\x64\Release\cpp_redis.pdb'에서 찾을 수 없습니다. 디버그 정보가 없는 것처럼 개체를 링크합니다.
cpp_redis.lib(reply.obj) : warning LNK4099: 'cpp_redis.pdb' PDB를 'cpp_redis.lib(reply.obj)' 또는 'C:\Users\sdj53\Documents\GitHub\LockFree-NetworkLibrary\servers\loginserver\LoginServerLive\x64\Release\cpp_redis.pdb'에서 찾을 수 없습니다. 디버그 정보가 없는 것처럼 개체를 링크합니다.
cpp_redis.lib(sentinel.obj) : warning LNK4099: 'cpp_redis.pdb' PDB를 'cpp_redis.lib(sentinel.obj)' 또는 'C:\Users\sdj53\Documents\GitHub\LockFree-NetworkLibrary\servers\loginserver\LoginServerLive\x64\Release\cpp_redis.pdb'에서 찾을 수 없습니다. 디버그 정보가 없는 것처럼 개체를 링크합니다.
cpp_redis.lib(tcp_client.obj) : warning LNK4099: 'cpp_redis.pdb' PDB를 'cpp_redis.lib(tcp_client.obj)' 또는 'C:\Users\sdj53\Documents\GitHub\LockFree-NetworkLibrary\servers\loginserver\LoginServerLive\x64\Release\cpp_redis.pdb'에서 찾을 수 없습니다. 디버그 정보가 없는 것처럼 개체를 링크합니다.
cpp_redis.lib(reply_builder.obj) : warning LNK4099: 'cpp_redis.pdb' PDB를 'cpp_redis.lib(reply_builder.obj)' 또는 'C:\Users\sdj53\Documents\GitHub\LockFree-NetworkLibrary\servers\loginserver\LoginServerLive\x64\Release\cpp_redis.pdb'에서 찾을 수 없습니다. 디버그 정보가 없는 것처럼 개체를 링크합니다.
cpp_redis.lib(builders_factory.obj) : warning LNK4099: 'cpp_redis.pdb' PDB를 'cpp_redis.lib(builders_factory.obj)' 또는 'C:\Users\sdj53\Documents\GitHub\LockFree-NetworkLibrary\servers\loginserver\LoginServerLive\x64\Release\cpp_redis.pdb'에서 찾을 수 없습니다. 디버그 정보가 없는 것처럼 개체를 링크합니다.
cpp_redis.lib(bulk_string_builder.obj) : warning LNK4099: 'cpp_redis.pdb' PDB를 'cpp_redis.lib(bulk_string_builder.obj)' 또는 'C:\Users\sdj53\Documents\GitHub\LockFree-NetworkLibrary\servers\loginserver\LoginServerLive\x64\Release\cpp_redis.pdb'에서 찾을 수 없습니다. 디버그 정보가 없는 것처럼 개체를 링크합니다.
cpp_redis.lib(error_builder.obj) : warning LNK4099: 'cpp_redis.pdb' PDB를 'cpp_redis.lib(error_builder.obj)' 또는 'C:\Users\sdj53\Documents\GitHub\LockFree-NetworkLibrary\servers\loginserver\LoginServerLive\x64\Release\cpp_redis.pdb'에서 찾을 수 없습니다. 디버그 정보가 없는 것처럼 개체를 링크합니다.
cpp_redis.lib(array_builder.obj) : warning LNK4099: 'cpp_redis.pdb' PDB를 'cpp_redis.lib(array_builder.obj)' 또는 'C:\Users\sdj53\Documents\GitHub\LockFree-NetworkLibrary\servers\loginserver\LoginServerLive\x64\Release\cpp_redis.pdb'에서 찾을 수 없습니다. 디버그 정보가 없는 것처럼 개체를 링크합니다.
cpp_redis.lib(integer_builder.obj) : warning LNK4099: 'cpp_redis.pdb' PDB를 'cpp_redis.lib(integer_builder.obj)' 또는 'C:\Users\sdj53\Documents\GitHub\LockFree-NetworkLibrary\servers\loginserver\LoginServerLive\x64\Release\cpp_redis.pdb'에서 찾을 수 없습니다. 디버그 정보가 없는 것처럼 개체를 링크합니다.
cpp_redis.lib(simple_string_builder.obj) : warning LNK4099: 'cpp_redis.pdb' PDB를 'cpp_redis.lib(simple_string_builder.obj)' 또는 'C:\Users\sdj53\Documents\GitHub\LockFree-NetworkLibrary\servers\loginserver\LoginServerLive\x64\Release\cpp_redis.pdb'에서 찾을 수 없습니다. 디버그 정보가 없는 것처럼 개체를 링크합니다.
tacopie.lib(tcp_client.obj) : warning LNK4099: 'tacopie.pdb' PDB를 'tacopie.lib(tcp_client.obj)' 또는 'C:\Users\sdj53\Documents\GitHub\LockFree-NetworkLibrary\servers\loginserver\LoginServerLive\x64\Release\tacopie.pdb'에서 찾을 수 없습니다. 디버그 정보가 없는 것처럼 개체를 링크합니다.
tacopie.lib(io_service.obj) : warning LNK4099: 'tacopie.pdb' PDB를 'tacopie.lib(io_service.obj)' 또는 'C:\Users\sdj53\Documents\GitHub\LockFree-NetworkLibrary\servers\loginserver\LoginServerLive\x64\Release\tacopie.pdb'에서 찾을 수 없습니다. 디버그 정보가 없는 것처럼 개체를 링크합니다.
tacopie.lib(error.obj) : warning LNK4099: 'tacopie.pdb' PDB를 'tacopie.lib(error.obj)' 또는 'C:\Users\sdj53\Documents\GitHub\LockFree-NetworkLibrary\servers\loginserver\LoginServerLive\x64\Release\tacopie.pdb'에서 찾을 수 없습니다. 디버그 정보가 없는 것처럼 개체를 링크합니다.
tacopie.lib(tcp_socket.obj) : warning LNK4099: 'tacopie.pdb' PDB를 'tacopie.lib(tcp_socket.obj)' 또는 'C:\Users\sdj53\Documents\GitHub\LockFree-NetworkLibrary\servers\loginserver\LoginServerLive\x64\Release\tacopie.pdb'에서 찾을 수 없습니다. 디버그 정보가 없는 것처럼 개체를 링크합니다.
tacopie.lib(windows_tcp_socket.obj) : warning LNK4099: 'tacopie.pdb' PDB를 'tacopie.lib(windows_tcp_socket.obj)' 또는 'C:\Users\sdj53\Documents\GitHub\LockFree-NetworkLibrary\servers\loginserver\LoginServerLive\x64\Release\tacopie.pdb'에서 찾을 수 없습니다. 디버그 정보가 없는 것처럼 개체를 링크합니다.
tacopie.lib(thread_pool.obj) : warning LNK4099: 'tacopie.pdb' PDB를 'tacopie.lib(thread_pool.obj)' 또는 'C:\Users\sdj53\Documents\GitHub\LockFree-NetworkLibrary\servers\loginserver\LoginServerLive\x64\Release\tacopie.pdb'에서 찾을 수 없습니다. 디버그 정보가 없는 것처럼 개체를 링크합니다.
tacopie.lib(windows_self_pipe.obj) : warning LNK4099: 'tacopie.pdb' PDB를 'tacopie.lib(windows_self_pipe.obj)' 또는 'C:\Users\sdj53\Documents\GitHub\LockFree-NetworkLibrary\servers\loginserver\LoginServerLive\x64\Release\tacopie.pdb'에서 찾을 수 없습니다. 디버그 정보가 없는 것처럼 개체를 링크합니다.
  LoginServerLive.vcxproj -> C:\Users\sdj53\Documents\GitHub\LockFree-NetworkLibrary\servers\loginserver\LoginServerLive\x64\Release\LoginServerLive.exe
